// Jest Snapshot v1, https://goo.gl/fbAQLP

exports[`renders Hello correctly 1`] = `
<div>
  Sooo Hello...
</div>
`;
