// Jest Snapshot v1, https://goo.gl/fbAQLP

exports[`renders Home correctly 1`] = `
<div>
  Hello World!
</div>
`;
